[2026-08-03T03:47:23.3329717-05:00] PowerScaler Labs Capability Scanner runtime started. PID 15300.
[2026-08-03T03:47:23.3465647-05:00] Waiting for PowerScaler Labs pipe connection.
[2026-08-03T03:47:23.3552326-05:00] PowerScaler Labs connected to the Capability Scanner pipe.
[2026-08-03T03:47:23.3816412-05:00] State=WaitingForGame; GamePid=none; BattleCore=none; Fighters=0; Baseline=False; PendingScan=0; ChronologyActive=False; PendingChronology=0; Locator=none; ObserverReads=0; ChronologyReads=0; Detail=Companion runtime is active. Waiting for DBXV2.exe.
[2026-08-03T03:47:39.3569569-05:00] External capability observer error: System.ComponentModel.Win32Exception (299): Win32 299: Only part of a ReadProcessMemory or WriteProcessMemory request was completed.
   at PowerScalerLabs.Runtime.NativeMethods.EnumerateModulesOnce(Int32 processId) in /_/src/PowerScalerLabs.Runtime/NativeMethods.cs:line 96
   at PowerScalerLabs.Runtime.NativeMethods.EnumerateModules(Int32 processId) in /_/src/PowerScalerLabs.Runtime/NativeMethods.cs:line 76
   at PowerScalerLabs.Runtime.GameMemoryReader..ctor(Int32 processId) in /_/src/PowerScalerLabs.Runtime/GameMemoryReader.cs:line 45
   at PowerScalerLabs.Runtime.ExternalCapabilityObserver.EnsureReader(Int32 processId, List`1 events, DateTimeOffset now, Int64 monotonicTicks) in /_/src/PowerScalerLabs.Runtime/ExternalCapabilityObserver.cs:line 312
   at PowerScalerLabs.Runtime.ExternalCapabilityObserver.Observe(Int32 processId, IReadOnlyList`1 commands, DateTimeOffset now, Int64 monotonicTicks) in /_/src/PowerScalerLabs.Runtime/ExternalCapabilityObserver.cs:line 43
[2026-08-03T03:47:39.3664197-05:00] State=Error; GamePid=20792; BattleCore=none; Fighters=0; Baseline=False; PendingScan=0; ChronologyActive=False; PendingChronology=0; Locator=none; ObserverReads=0; ChronologyReads=0; Detail=Read-only capability observer error: Win32 299: Only part of a ReadProcessMemory or WriteProcessMemory request was completed.
[2026-08-03T03:47:39.4813175-05:00] Attached read-only observer to DBXV2 PID 20792; process-instance=e99c42f1a8c74ee2aadeb94a70677d85; version=1.25.02.0.
[2026-08-03T03:47:39.5342560-05:00] State=WaitingForBattleCore; GamePid=20792; BattleCore=none; Fighters=0; Baseline=False; PendingScan=0; ChronologyActive=False; PendingChronology=0; Locator=none; ObserverReads=1; ChronologyReads=0; Detail=The validated patcher storage RVA was readable but did not yield a nonzero root.
[2026-08-03T03:55:43.0109647-05:00] State=WaitingForFighters; GamePid=20792; BattleCore=0x00000270A9E4EE30; Fighters=0; Baseline=False; PendingScan=0; ChronologyActive=False; PendingChronology=0; Locator=xv2-patcher-structural-layout; ObserverReads=8904; ChronologyReads=0; Detail=BattleCore 0x00000270A9E4EE30 is stable through xv2-patcher-structural-layout. Waiting for fighter objects.
[2026-08-03T03:55:55.5818218-05:00] State=ObservingFighters; GamePid=20792; BattleCore=0x00000270A9E4EE30; Fighters=2; Baseline=False; PendingScan=0; ChronologyActive=False; PendingChronology=0; Locator=xv2-patcher-structural-layout; ObserverReads=10718; ChronologyReads=0; Detail=Observing 2 validated fighter generation(s) through xv2-patcher-structural-layout.
[2026-08-03T03:57:45.2683213-05:00] State=WaitingForFighters; GamePid=20792; BattleCore=0x00000270A9E4EE30; Fighters=0; Baseline=False; PendingScan=0; ChronologyActive=False; PendingChronology=0; Locator=xv2-patcher-structural-layout; ObserverReads=32956; ChronologyReads=42144; Detail=BattleCore 0x00000270A9E4EE30 is stable through xv2-patcher-structural-layout. Waiting for fighter objects.
[2026-08-03T03:57:45.8136126-05:00] State=WaitingForBattleCore; GamePid=20792; BattleCore=none; Fighters=0; Baseline=False; PendingScan=0; ChronologyActive=False; PendingChronology=0; Locator=none; ObserverReads=33014; ChronologyReads=42144; Detail=The patcher root produced no structurally valid BattleCore candidate.
[2026-08-03T03:57:48.4350053-05:00] State=WaitingForGame; GamePid=none; BattleCore=none; Fighters=0; Baseline=False; PendingScan=0; ChronologyActive=False; PendingChronology=0; Locator=none; ObserverReads=0; ChronologyReads=42144; Detail=Companion runtime is active. Waiting for DBXV2.exe.
[2026-08-03T03:57:55.7757854-05:00] Shutdown command received from PowerScaler Labs.
[2026-08-03T03:57:55.7789292-05:00] PowerScaler Labs Capability Scanner runtime stopped normally.
[2026-08-03T05:38:59.6400599-05:00] PowerScaler Labs Capability Scanner runtime started. PID 22204.
[2026-08-03T05:38:59.6557508-05:00] Waiting for PowerScaler Labs pipe connection.
[2026-08-03T05:38:59.6685256-05:00] PowerScaler Labs connected to the Capability Scanner pipe.
[2026-08-03T05:38:59.6871422-05:00] State=WaitingForGame; GamePid=none; BattleCore=none; Fighters=0; Baseline=False; PendingScan=0; ChronologyActive=False; PendingChronology=0; Locator=none; ObserverReads=0; ChronologyReads=0; Detail=Companion runtime is active. Waiting for DBXV2.exe.
[2026-08-03T05:39:40.1303589-05:00] Attached read-only observer to DBXV2 PID 24480; process-instance=f4bb8e85159e48649879a3113f403ccd; version=1.25.02.0.
[2026-08-03T05:39:40.1392484-05:00] State=WaitingForPatcher; GamePid=24480; BattleCore=none; Fighters=0; Baseline=False; PendingScan=0; ChronologyActive=False; PendingChronology=0; Locator=none; ObserverReads=0; ChronologyReads=0; Detail=No BattleCore provider produced a validated candidate.
[2026-08-03T05:39:41.3427611-05:00] State=WaitingForBattleCore; GamePid=24480; BattleCore=none; Fighters=0; Baseline=False; PendingScan=0; ChronologyActive=False; PendingChronology=0; Locator=none; ObserverReads=1; ChronologyReads=0; Detail=The validated patcher storage RVA was readable but did not yield a nonzero root.
[2026-08-03T05:43:53.8665335-05:00] State=WaitingForFighters; GamePid=24480; BattleCore=0x000002520E0792B0; Fighters=0; Baseline=False; PendingScan=0; ChronologyActive=False; PendingChronology=0; Locator=xv2-patcher-structural-layout; ObserverReads=4694; ChronologyReads=0; Detail=BattleCore 0x000002520E0792B0 is stable through xv2-patcher-structural-layout. Waiting for fighter objects.
[2026-08-03T05:44:06.9712347-05:00] State=ObservingFighters; GamePid=24480; BattleCore=0x000002520E0792B0; Fighters=2; Baseline=False; PendingScan=0; ChronologyActive=False; PendingChronology=0; Locator=xv2-patcher-structural-layout; ObserverReads=6578; ChronologyReads=0; Detail=Observing 2 validated fighter generation(s) through xv2-patcher-structural-layout.
[2026-08-03T05:45:54.9496147-05:00] State=WaitingForFighters; GamePid=24480; BattleCore=0x000002520E0792B0; Fighters=0; Baseline=False; PendingScan=0; ChronologyActive=False; PendingChronology=0; Locator=xv2-patcher-structural-layout; ObserverReads=28432; ChronologyReads=41472; Detail=BattleCore 0x000002520E0792B0 is stable through xv2-patcher-structural-layout. Waiting for fighter objects.
[2026-08-03T05:45:55.7113527-05:00] State=WaitingForBattleCore; GamePid=24480; BattleCore=none; Fighters=0; Baseline=False; PendingScan=0; ChronologyActive=False; PendingChronology=0; Locator=none; ObserverReads=28434; ChronologyReads=41472; Detail=The patcher root produced no structurally valid BattleCore candidate.
[2026-08-03T05:45:56.2784029-05:00] State=WaitingForGame; GamePid=none; BattleCore=none; Fighters=0; Baseline=False; PendingScan=0; ChronologyActive=False; PendingChronology=0; Locator=none; ObserverReads=0; ChronologyReads=41472; Detail=Companion runtime is active. Waiting for DBXV2.exe.
[2026-08-03T05:49:11.8299042-05:00] Pipe I/O interruption: Pipe is broken.
[2026-08-03T05:51:38.6662007-05:00] PowerScaler Labs Capability Scanner runtime started. PID 23000.
[2026-08-03T05:51:38.6804723-05:00] Waiting for PowerScaler Labs pipe connection.
[2026-08-03T05:51:38.6890108-05:00] PowerScaler Labs connected to the Capability Scanner pipe.
[2026-08-03T05:51:38.7079700-05:00] State=WaitingForGame; GamePid=none; BattleCore=none; Fighters=0; Baseline=False; PendingScan=0; ChronologyActive=False; PendingChronology=0; Locator=none; ObserverReads=0; ChronologyReads=0; Detail=Companion runtime is active. Waiting for DBXV2.exe.
[2026-08-03T05:51:48.7552011-05:00] Attached read-only observer to DBXV2 PID 23784; process-instance=5b893e205d2142d983ecab93abef9064; version=1.25.02.0.
[2026-08-03T05:51:48.7649128-05:00] State=WaitingForBattleCore; GamePid=23784; BattleCore=none; Fighters=0; Baseline=False; PendingScan=0; ChronologyActive=False; PendingChronology=0; Locator=none; ObserverReads=1; ChronologyReads=0; Detail=The validated patcher storage RVA was readable but did not yield a nonzero root.
[2026-08-03T06:00:55.3770825-05:00] State=WaitingForFighters; GamePid=23784; BattleCore=0x00000232B0286570; Fighters=0; Baseline=False; PendingScan=0; ChronologyActive=False; PendingChronology=0; Locator=xv2-patcher-structural-layout; ObserverReads=10061; ChronologyReads=0; Detail=BattleCore 0x00000232B0286570 is stable through xv2-patcher-structural-layout. Waiting for fighter objects.
[2026-08-03T06:01:07.7248548-05:00] State=ObservingFighters; GamePid=23784; BattleCore=0x00000232B0286570; Fighters=2; Baseline=False; PendingScan=0; ChronologyActive=False; PendingChronology=0; Locator=xv2-patcher-structural-layout; ObserverReads=11847; ChronologyReads=0; Detail=Observing 2 validated fighter generation(s) through xv2-patcher-structural-layout.
